PondStuff fish queue worker
Batch limit: 100

Researching: Comet Goldfish
Verified identity: Comet goldfish (Carassius auratus)
Created draft: Comet goldfish
Fish ID: 1c40e856-8198-4dae-b409-e987b3151edf

Researching: Shubunkin
Verified identity: Shubunkin (Carassius auratus)
Created draft: Shubunkin
Fish ID: ebda7400-2054-4fb7-8823-3a38d8727401

Researching: Sarasa Comet
Verified identity: Sarasa Comet (Carassius auratus)
Created draft: Sarasa Comet
Fish ID: 526768e6-3feb-4638-9e3f-1a6e9d1acbef

Researching: Wakin Goldfish
Verified identity: Wakin Goldfish (Carassius auratus)
Created draft: Wakin Goldfish
Fish ID: e9ef712f-81a0-4f01-81b1-bc4fde8c584c

Researching: Fantail Goldfish
Verified identity: Fantail Goldfish (Carassius auratus)
Created draft: Fantail Goldfish
Fish ID: f538e9b6-6301-484b-b69e-dc586f2a4317

Researching: Oranda Goldfish
Verified identity: Oranda Goldfish (Carassius auratus)
Created draft: Oranda Goldfish
Fish ID: c96069d2-dbd0-49a1-89c7-5719579fd250

Researching: Golden Orfe
Verified identity: Golden orfe (Leuciscus idus)
Created draft: Golden orfe
Fish ID: ccd3cfaf-d2eb-43e8-8db3-20e3837f4f95

Researching: Blue Orfe
Verified identity: Blue Orfe (Leuciscus idus)
Created draft: Blue Orfe
Fish ID: 35a6d071-b559-4147-bf41-35c256e4ce5b

Researching: Common Rudd
Verified identity: Common Rudd (Scardinius erythrophthalmus)
Created draft: Common Rudd
Fish ID: 8d6aad5f-d24c-45ae-9f62-65bc36e4f7d9

Researching: Golden Rudd
Verified identity: Golden Rudd (Scardinius erythrophthalmus)
Created draft: Golden Rudd
Fish ID: 884adb65-572b-4aec-acd6-c171f7703ae7

Researching: Common Tench
Verified identity: Common tench (Tinca tinca)
Created draft: Common tench
Fish ID: ba7c13d6-d587-4fb8-bfa2-7649de427cdb

Researching: Golden Tench
Verified identity: Golden Tench (Tinca tinca)
Created draft: Golden Tench
Fish ID: c886795e-3d54-4d82-8701-d9dda23ab2a5

Researching: Golden Tench Red
Verified identity: Golden Tench Red (Tinca tinca)
Created draft: Golden Tench Red
Fish ID: e054065e-f34b-4938-af0d-a99400587c02

Researching: Koi
Verified identity: Koi (Cyprinus rubrofuscus (synonym Cyprinus carpio))
Created draft: Koi
Fish ID: a6d6df03-0297-4e51-b0fb-7f11675658ef

Researching: Ghost Koi
Verified identity: Ghost Koi (Cyprinus carpio)
Created draft: Ghost Koi
Fish ID: d8bc4a19-88a9-4402-a0d6-763d33bc83d1

Researching: Butterfly Koi
Verified identity: Butterfly Koi (Cyprinus carpio)
Created draft: Butterfly Koi
Fish ID: 4f75264d-268d-4b65-b62a-4c2608fe8c62

Researching: Showa Koi
Verified identity: Showa (Showa Sanshoku) (Cyprinus carpio)
Created draft: Showa (Showa Sanshoku)
Fish ID: 406990ad-e875-4ac1-9aee-82c6a431f1fd

Researching: Sanke Koi
Verified identity: Sanke Koi (Cyprinus carpio)
Created draft: Sanke Koi
Fish ID: f2dd2967-b999-4502-8c22-fc01e8e53374

Researching: Kohaku Koi
Verified identity: Kohaku Koi (Cyprinus carpio)
Created draft: Kohaku Koi
Fish ID: e115848e-1f4f-487f-9a86-6940f663b970

Researching: Common Minnow
Verified identity: Common Minnow (Phoxinus phoxinus)
Created draft: Common Minnow
Fish ID: 7801cb16-fb3b-49c1-b7a9-9ed677e6e421

Researching: Three-Spined Stickleback
Verified identity: Three-spined stickleback (Gasterosteus aculeatus)
Created draft: Three-spined stickleback
Fish ID: 2c32c20d-015f-4588-b6b8-fe9203c2f925

Researching: Nine-Spined Stickleback
Verified identity: Nine-spined stickleback (Pungitius pungitius)
Created draft: Nine-spined stickleback
Fish ID: 8a279d97-92d3-4dee-947c-a726512fc613

Researching: Fathead Minnow
Verified identity: Fathead Minnow (Pimephales promelas)
Created draft: Fathead Minnow
Fish ID: f3250aba-3827-4cb3-9377-f9138a995848

Researching: White Cloud Mountain Minnow
Verified identity: White Cloud Mountain Minnow (Tanichthys albonubes)
Created draft: White Cloud Mountain Minnow
Fish ID: 23a5d00f-b8d0-4ddc-b3a8-af183209d9d5

Researching: Medaka Japanese Rice Fish
Verified identity: Medaka (Japanese rice fish) (Oryzias latipes)
Created draft: Medaka (Japanese rice fish)
Fish ID: 7a2f377e-b8e4-466f-98d0-ec8da92e3086

Researching: Rosy Red Minnow
Verified identity: Rosy Red Minnow (Pimephales promelas)
Created draft: Rosy Red Minnow
Fish ID: 08442aa0-9806-4061-b802-b8a657e9a741

Researching: Golden Shiner
Verified identity: Golden shiner (Notemigonus crysoleucas)
Created draft: Golden shiner
Fish ID: e6e0bea5-5c3f-4294-aff6-a817ca4121e7

Researching: Golden Ide
Verified identity: Golden Ide (Leuciscus idus)
Created draft: Golden Ide
Fish ID: ca2db810-3fd5-4cb5-afd9-ff3ceefd6ac4

Researching: Grass Carp
Verified identity: Grass Carp (Ctenopharyngodon idella)
Created draft: Grass Carp
Fish ID: f4eb5876-7902-4eef-8e19-f4cb05e27488

Researching: Sterlet
Verified identity: Sterlet (Acipenser ruthenus)
Created draft: Sterlet
Fish ID: 6f4c9a18-a689-42f7-aca0-29fe1afddd2b

Researching: Pond Sturgeon
Verified identity: Pond Sturgeon (Acipenser spp. (commonly sold as Sterlet, Acipenser ruthenus))
Created draft: Pond Sturgeon
Fish ID: b85f4f22-c626-49a8-b5e9-5ea61b4a5afd

Researching: Weather Loach
Verified identity: Weather loach (Misgurnus anguillicaudatus)
Created draft: Weather loach
Fish ID: 4fcf7b61-cd92-47d9-a3de-9355d1cd14aa

Researching: Dojo Loach
Verified identity: Dojo loach (Misgurnus anguillicaudatus)
Created draft: Dojo loach
Fish ID: 5e262f6c-c8ef-4801-aaf3-984359648d5e

Researching: Rosy Barb
Verified identity: Rosy Barb (Pethia conchonius)
Created draft: Rosy Barb
Fish ID: cc8510a3-5a8b-443f-a8b0-b98f339af798

Researching: Gold Barb
Verified identity: Gold Barb (Barbodes semifasciolatus)
Created draft: Gold Barb
Fish ID: 4fb71493-f26f-4975-8775-b97c609f1a77

Researching: Pearl Danio
Verified identity: Pearl Danio (Danio albolineatus)
Created draft: Pearl Danio
Fish ID: 587b645e-382a-408b-9a38-0425c0db2d36

Researching: Zebra Danio
Verified identity: Zebra Danio (Danio rerio)
Created draft: Zebra Danio
Fish ID: 86b67ac0-5cb4-49b1-b8fb-dee760edcc2e

Researching: White Cloud Goldfish
Verified identity: White Cloud Goldfish
Created draft: White Cloud Goldfish
Fish ID: dd523b85-6f90-4e50-a282-08313c9ad06e

Researching: Red Comet Goldfish
Verified identity: Red Comet Goldfish (Carassius auratus)
Created draft: Red Comet Goldfish
Fish ID: 981230e7-1d5d-4112-b956-d1cb949431f7

Researching: Sarasa Shubunkin
Verified identity: Sarasa Shubunkin (Carassius auratus)
Created draft: Sarasa Shubunkin
Fish ID: 1d1cbe5b-74bf-4af0-bbe9-20217bd00d7b

Researching: Calico Goldfish
Verified identity: Calico Goldfish (Carassius auratus)
Created draft: Calico Goldfish
Fish ID: fad72f4b-7a71-408c-8c28-edc43bd973b2

Researching: Black Moor
Verified identity: Black Moor (Carassius auratus)
Created draft: Black Moor
Fish ID: 7ebf2a51-361b-4559-8491-b8fb5b102444

Researching: Ryukin Goldfish
Verified identity: Ryukin Goldfish (Carassius auratus)
Created draft: Ryukin Goldfish
Fish ID: bf7e397e-0f4e-4ad7-ba86-8b1d9fc5954e

Researching: Lionhead Goldfish
Verified identity: Lionhead Goldfish (Carassius auratus)
Created draft: Lionhead Goldfish
Fish ID: a9e40ffb-24a5-4664-8f94-32c80f907421

Researching: Pearlscale Goldfish
Verified identity: Pearlscale Goldfish (Carassius auratus)
Created draft: Pearlscale Goldfish
Fish ID: e82d3479-2e3a-4c18-9680-cd24face40c8

Researching: Ranchu Goldfish
Verified identity: Ranchu Goldfish (Carassius auratus)
Created draft: Ranchu Goldfish
Fish ID: 9406a900-14f0-4583-9494-1468213c1fa6

Researching: Fantail Koi
Verified identity: Fantail Koi
Created draft: Fantail Koi
Fish ID: c3e18e3c-0c41-45f6-9fc5-797176c477ea

Researching: Doitsu Koi
Verified identity: Doitsu Koi (Cyprinus carpio)
Created draft: Doitsu Koi
Fish ID: 8d34918e-4329-4e1c-9684-d4cc9768196e

Researching: Tancho Koi
Verified identity: Tancho Koi (Cyprinus carpio)
Created draft: Tancho Koi
Fish ID: dfe3c1dc-3bb5-4dc2-a44d-01986607e28e

Researching: Ochiba Koi
Verified identity: Ochiba Koi (Cyprinus carpio)
Created draft: Ochiba Koi
Fish ID: c8c5896d-7189-40e9-a307-99f4f718d988

Researching: Asagi Koi
Verified identity: Asagi Koi (Cyprinus carpio)
Created draft: Asagi Koi
Fish ID: a690e755-848f-4986-a821-762a8d4dbbbc
Queue empty. Processed 51 job(s).
